[2026-05-05T08:43:15Z] Logging to /Users/labahua/Desktop/CUHK-Y/pilot/logs/pull_room01_20260505_164238_20260505T084315Z.log
[2026-05-05T08:43:15Z] Skipping raw data pull from pi@192.168.2.2: ~/pilot/data/raw does not exist
[2026-05-05T08:43:15Z] Pulling logs from pi@192.168.2.2
Transfer starting: 0 files

sent 61 bytes  received 92 bytes  1530000 bytes/sec
total size is 0  speedup is 0.00
[2026-05-05T08:43:16Z] Pulling raw data from pi@192.168.2.3
Transfer starting: 6 files
./
audio/
audio/env/
audio/env/room01_20260505_164238.wav
csi/
csi/room01_20260505_164238.pcap

sent 129 bytes  received 4356352 bytes  43564810000 bytes/sec
total size is 4354952  speedup is 1.00
[2026-05-05T08:43:17Z] Pulling logs from pi@192.168.2.3
Transfer starting: 3 files
./
audio_env_room01_20260505_164238_20260505T084239Z.log
csi_room01_20260505_164238_20260505T084239Z.log

sent 111 bytes  received 3516 bytes  36270000 bytes/sec
total size is 3206  speedup is 0.88
[2026-05-05T08:43:17Z] Pulling raw data from pi5@192.168.2.6
Transfer starting: 5 files
./
audio/
audio/lav/
audio/lav/room01_20260505_164238_lavA.wav
audio/lav/room01_20260505_164238_lavB.wav

sent 123 bytes  received 4309495 bytes  43096180000 bytes/sec
total size is 4308184  speedup is 1.00
[2026-05-05T08:43:18Z] Pulling logs from pi5@192.168.2.6
Transfer starting: 2 files
./
audio_lav_room01_20260505_164238_20260505T084240Z.log

sent 89 bytes  received 1743 bytes  18320000 bytes/sec
total size is 1534  speedup is 0.84
[2026-05-05T08:43:18Z] Wrote manifest to /Users/labahua/Desktop/CUHK-Y/pilot/data/pulls/room01_20260505_164238/manifest.sha256
