[2026-05-05T08:41:54Z] Logging to /Users/labahua/Desktop/CUHK-Y/pilot/logs/pull_room01_20260505_164119_20260505T084154Z.log
[2026-05-05T08:41:54Z] Skipping raw data pull from pi@192.168.2.2: ~/pilot/data/raw does not exist
[2026-05-05T08:41:55Z] Pulling logs from pi@192.168.2.2
Transfer starting: 0 files

sent 61 bytes  received 92 bytes  1530000 bytes/sec
total size is 0  speedup is 0.00
[2026-05-05T08:41:55Z] Pulling raw data from pi@192.168.2.3
Transfer starting: 6 files
./
audio/
audio/env/
audio/env/room01_20260505_164119.wav
csi/
csi/room01_20260505_164119.pcap

sent 129 bytes  received 3893816 bytes  38939450000 bytes/sec
total size is 3892528  speedup is 1.00
[2026-05-05T08:41:56Z] Pulling logs from pi@192.168.2.3
Transfer starting: 3 files
./
audio_env_room01_20260505_164119_20260505T084120Z.log
csi_room01_20260505_164119_20260505T084119Z.log

sent 111 bytes  received 3512 bytes  36230000 bytes/sec
total size is 3206  speedup is 0.88
[2026-05-05T08:41:56Z] Pulling raw data from pi5@192.168.2.6
Transfer starting: 5 files
./
audio/
audio/lav/
audio/lav/room01_20260505_164119_lavA.wav
audio/lav/room01_20260505_164119_lavB.wav

sent 123 bytes  received 3865287 bytes  38654100000 bytes/sec
total size is 3864088  speedup is 1.00
[2026-05-05T08:41:57Z] Pulling logs from pi5@192.168.2.6
Transfer starting: 2 files
./
audio_lav_room01_20260505_164119_20260505T084120Z.log

sent 89 bytes  received 1743 bytes  18320000 bytes/sec
total size is 1534  speedup is 0.84
[2026-05-05T08:41:57Z] Wrote manifest to /Users/labahua/Desktop/CUHK-Y/pilot/data/pulls/room01_20260505_164119/manifest.sha256
