[2026-05-05T08:19:39Z] Logging to /Users/labahua/Desktop/CUHK-Y/pilot/logs/pull_room01_20260505_161903_20260505T081939Z.log
[2026-05-05T08:19:39Z] Skipping raw data pull from pi@192.168.2.2: ~/pilot/data/raw does not exist
[2026-05-05T08:19:39Z] Pulling logs from pi@192.168.2.2
Transfer starting: 0 files

sent 61 bytes  received 92 bytes  1530000 bytes/sec
total size is 0  speedup is 0.00
[2026-05-05T08:19:40Z] Pulling raw data from pi@192.168.2.3
Transfer starting: 6 files
./
audio/
audio/env/
audio/env/room01_20260505_161903.wav
csi/
csi/room01_20260505_161903.pcap

sent 129 bytes  received 4220280 bytes  42204090000 bytes/sec
total size is 4218912  speedup is 1.00
[2026-05-05T08:19:40Z] Pulling logs from pi@192.168.2.3
Transfer starting: 3 files
./
audio_env_room01_20260505_161903_20260505T081904Z.log
csi_room01_20260505_161903_20260505T081903Z.log

sent 111 bytes  received 3524 bytes  36350000 bytes/sec
total size is 3206  speedup is 0.88
[2026-05-05T08:19:41Z] Pulling raw data from pi5@192.168.2.6
Transfer starting: 5 files
./
audio/
audio/lav/
audio/lav/room01_20260505_161903_lavA.wav
audio/lav/room01_20260505_161903_lavB.wav

sent 123 bytes  received 4201383 bytes  42015060000 bytes/sec
total size is 4200088  speedup is 1.00
[2026-05-05T08:19:42Z] Pulling logs from pi5@192.168.2.6
Transfer starting: 2 files
./
audio_lav_room01_20260505_161903_20260505T081904Z.log

sent 89 bytes  received 1743 bytes  18320000 bytes/sec
total size is 1534  speedup is 0.84
[2026-05-05T08:19:42Z] Wrote manifest to /Users/labahua/Desktop/CUHK-Y/pilot/data/pulls/room01_20260505_161903/manifest.sha256
