[2026-05-05T07:51:22Z] Logging to /Users/labahua/Desktop/CUHK-Y/pilot/logs/pull_room01_20260505_155030_20260505T075122Z.log
[2026-05-05T07:51:23Z] Skipping raw data pull from pi@192.168.2.2: ~/pilot/data/raw does not exist
[2026-05-05T07:51:23Z] Pulling logs from pi@192.168.2.2
Transfer starting: 0 files

sent 61 bytes  received 92 bytes  1530000 bytes/sec
total size is 0  speedup is 0.00
[2026-05-05T07:51:24Z] Pulling raw data from pi@192.168.2.3
Transfer starting: 6 files
./
audio/
audio/env/
audio/env/room01_20260505_155030.wav
csi/
csi/room01_20260505_155030.pcap

sent 129 bytes  received 7013252 bytes  70133810000 bytes/sec
total size is 7011208  speedup is 1.00
[2026-05-05T07:51:24Z] Pulling logs from pi@192.168.2.3
Transfer starting: 3 files
./
audio_env_room01_20260505_155030_20260505T075031Z.log
csi_room01_20260505_155030_20260505T075031Z.log

sent 111 bytes  received 3516 bytes  36270000 bytes/sec
total size is 3206  speedup is 0.88
[2026-05-05T07:51:25Z] Pulling raw data from pi5@192.168.2.6
Transfer starting: 5 files
./
audio/
audio/lav/
audio/lav/room01_20260505_155030_lavA.wav
audio/lav/room01_20260505_155030_lavB.wav

sent 123 bytes  received 6962055 bytes  69621780000 bytes/sec
total size is 6960088  speedup is 1.00
[2026-05-05T07:51:26Z] Pulling logs from pi5@192.168.2.6
Transfer starting: 2 files
./
audio_lav_room01_20260505_155030_20260505T075031Z.log

sent 89 bytes  received 1743 bytes  18320000 bytes/sec
total size is 1534  speedup is 0.84
[2026-05-05T07:51:26Z] Wrote manifest to /Users/labahua/Desktop/CUHK-Y/pilot/data/pulls/room01_20260505_155030/manifest.sha256
