[2026-05-05T08:13:24Z] Logging to /Users/labahua/Desktop/CUHK-Y/pilot/logs/pull_room01_20260505_161252_20260505T081324Z.log
[2026-05-05T08:13:24Z] Skipping raw data pull from pi@192.168.2.2: ~/pilot/data/raw does not exist
[2026-05-05T08:13:24Z] Pulling logs from pi@192.168.2.2
Transfer starting: 0 files

sent 61 bytes  received 92 bytes  1530000 bytes/sec
total size is 0  speedup is 0.00
[2026-05-05T08:13:25Z] Pulling raw data from pi@192.168.2.3
Transfer starting: 6 files
./
audio/
audio/env/
audio/env/room01_20260505_161252.wav
csi/
csi/room01_20260505_161252.pcap

sent 129 bytes  received 3411176 bytes  34113050000 bytes/sec
total size is 3410008  speedup is 1.00
[2026-05-05T08:13:26Z] Pulling logs from pi@192.168.2.3
Transfer starting: 3 files
./
audio_env_room01_20260505_161252_20260505T081253Z.log
csi_room01_20260505_161252_20260505T081252Z.log

sent 111 bytes  received 3510 bytes  36210000 bytes/sec
total size is 3204  speedup is 0.88
[2026-05-05T08:13:26Z] Pulling raw data from pi5@192.168.2.6
Transfer starting: 5 files
./
audio/
audio/lav/
audio/lav/room01_20260505_161252_lavA.wav
audio/lav/room01_20260505_161252_lavB.wav

sent 123 bytes  received 3409191 bytes  34093140000 bytes/sec
total size is 3408088  speedup is 1.00
[2026-05-05T08:13:27Z] Pulling logs from pi5@192.168.2.6
Transfer starting: 2 files
./
audio_lav_room01_20260505_161252_20260505T081253Z.log

sent 89 bytes  received 1743 bytes  18320000 bytes/sec
total size is 1534  speedup is 0.84
[2026-05-05T08:13:27Z] Wrote manifest to /Users/labahua/Desktop/CUHK-Y/pilot/data/pulls/room01_20260505_161252/manifest.sha256
