[2026-05-05T03:52:35Z] Logging to /Users/labahua/Desktop/CUHK-Y/pilot/logs/pull_room01_20260505_114906_20260505T035235Z.log
[2026-05-05T03:52:39Z] Skipping raw data pull from pi@192.168.2.2: ~/pilot/data/raw does not exist
[2026-05-05T03:52:46Z] Pulling logs from pi@192.168.2.2
Transfer starting: 2 files
./
tx_room01_20260505_114906_20260505T034927Z.log

sent 89 bytes  received 300990 bytes  3010790000 bytes/sec
total size is 300722  speedup is 1.00
[2026-05-05T03:52:57Z] Pulling raw data from pi@192.168.2.3
Transfer starting: 6 files
./
audio/
audio/env/
audio/env/room01_20260505_114906.wav
csi/
csi/room01_20260505_114906.pcap

sent 129 bytes  received 21721348 bytes  217214770000 bytes/sec
total size is 21715712  speedup is 1.00
[2026-05-05T03:53:26Z] Pulling logs from pi@192.168.2.3
Transfer starting: 3 files
./
audio_env_room01_20260505_114906_20260505T034919Z.log
csi_room01_20260505_114906_20260505T034915Z.log

sent 111 bytes  received 3847 bytes  39580000 bytes/sec
total size is 3517  speedup is 0.89
[2026-05-05T03:53:35Z] Pulling raw data from pi5@192.168.2.6
Transfer starting: 5 files
./
audio/
audio/lav/
audio/lav/room01_20260505_114906_lavA.wav
audio/lav/room01_20260505_114906_lavB.wav

sent 123 bytes  received 19205031 bytes  192051540000 bytes/sec
total size is 19200088  speedup is 1.00
[2026-05-05T03:53:44Z] Pulling logs from pi5@192.168.2.6
Transfer starting: 2 files
./
audio_lav_room01_20260505_114906_20260505T034923Z.log

sent 89 bytes  received 2362 bytes  24510000 bytes/sec
total size is 2153  speedup is 0.88
[2026-05-05T03:53:50Z] Wrote manifest to /Users/labahua/Desktop/CUHK-Y/pilot/data/pulls/room01_20260505_114906/manifest.sha256
