[2026-05-05T08:54:24Z] Logging to /Users/labahua/Desktop/CUHK-Y/pilot/logs/pull_room01_20260505_165345_20260505T085424Z.log
[2026-05-05T08:54:24Z] Skipping raw data pull from pi@192.168.2.2: ~/pilot/data/raw does not exist
[2026-05-05T08:54:24Z] Pulling logs from pi@192.168.2.2
Transfer starting: 0 files

sent 61 bytes  received 92 bytes  1530000 bytes/sec
total size is 0  speedup is 0.00
[2026-05-05T08:54:25Z] Pulling raw data from pi@192.168.2.3
Transfer starting: 6 files
./
audio/
audio/env/
audio/env/room01_20260505_165345.wav
csi/
csi/room01_20260505_165345.pcap

sent 129 bytes  received 4177676 bytes  41778050000 bytes/sec
total size is 4176320  speedup is 1.00
[2026-05-05T08:54:26Z] Pulling logs from pi@192.168.2.3
Transfer starting: 3 files
./
audio_env_room01_20260505_165345_20260505T085346Z.log
csi_room01_20260505_165345_20260505T085346Z.log

sent 111 bytes  received 3518 bytes  36290000 bytes/sec
total size is 3204  speedup is 0.88
[2026-05-05T08:54:26Z] Pulling raw data from pi5@192.168.2.6
Transfer starting: 5 files
./
audio/
audio/lav/
audio/lav/room01_20260505_165345_lavA.wav
audio/lav/room01_20260505_165345_lavB.wav

sent 123 bytes  received 4129351 bytes  41294740000 bytes/sec
total size is 4128088  speedup is 1.00
[2026-05-05T08:54:27Z] Pulling logs from pi5@192.168.2.6
Transfer starting: 2 files
./
audio_lav_room01_20260505_165345_20260505T085346Z.log

sent 89 bytes  received 1743 bytes  18320000 bytes/sec
total size is 1534  speedup is 0.84
[2026-05-05T08:54:27Z] Wrote manifest to /Users/labahua/Desktop/CUHK-Y/pilot/data/pulls/room01_20260505_165345/manifest.sha256
