[2026-05-05T09:01:12Z] Logging to /Users/labahua/Desktop/CUHK-Y/pilot/logs/pull_room01_20260505_170036_20260505T090112Z.log
[2026-05-05T09:01:12Z] Skipping raw data pull from pi@192.168.2.2: ~/pilot/data/raw does not exist
[2026-05-05T09:01:12Z] Pulling logs from pi@192.168.2.2
Transfer starting: 0 files

sent 61 bytes  received 92 bytes  1530000 bytes/sec
total size is 0  speedup is 0.00
[2026-05-05T09:01:13Z] Pulling raw data from pi@192.168.2.3
Transfer starting: 6 files
./
audio/
audio/env/
audio/env/room01_20260505_170036.wav
csi/
csi/room01_20260505_170036.pcap

sent 129 bytes  received 4009628 bytes  40097570000 bytes/sec
total size is 4008312  speedup is 1.00
[2026-05-05T09:01:13Z] Pulling logs from pi@192.168.2.3
Transfer starting: 3 files
./
audio_env_room01_20260505_170036_20260505T090037Z.log
csi_room01_20260505_170036_20260505T090037Z.log

sent 111 bytes  received 3522 bytes  36330000 bytes/sec
total size is 3204  speedup is 0.88
[2026-05-05T09:01:14Z] Pulling raw data from pi5@192.168.2.6
Transfer starting: 5 files
./
audio/
audio/lav/
audio/lav/room01_20260505_170036_lavA.wav
audio/lav/room01_20260505_170036_lavB.wav

sent 123 bytes  received 3997423 bytes  39975460000 bytes/sec
total size is 3996184  speedup is 1.00
[2026-05-05T09:01:15Z] Pulling logs from pi5@192.168.2.6
Transfer starting: 2 files
./
audio_lav_room01_20260505_170036_20260505T090037Z.log

sent 89 bytes  received 1739 bytes  18280000 bytes/sec
total size is 1534  speedup is 0.84
[2026-05-05T09:01:15Z] Wrote manifest to /Users/labahua/Desktop/CUHK-Y/pilot/data/pulls/room01_20260505_170036/manifest.sha256
