[2026-05-05T08:53:05Z] Logging to /Users/labahua/Desktop/CUHK-Y/pilot/logs/pull_room01_20260505_165231_20260505T085305Z.log
[2026-05-05T08:53:06Z] Skipping raw data pull from pi@192.168.2.2: ~/pilot/data/raw does not exist
[2026-05-05T08:53:06Z] Pulling logs from pi@192.168.2.2
Transfer starting: 0 files

sent 61 bytes  received 92 bytes  1530000 bytes/sec
total size is 0  speedup is 0.00
[2026-05-05T08:53:06Z] Pulling raw data from pi@192.168.2.3
Transfer starting: 6 files
./
audio/
audio/env/
audio/env/room01_20260505_165231.wav
csi/
csi/room01_20260505_165231.pcap

sent 129 bytes  received 3794912 bytes  37950410000 bytes/sec
total size is 3793652  speedup is 1.00
[2026-05-05T08:53:07Z] Pulling logs from pi@192.168.2.3
Transfer starting: 3 files
./
audio_env_room01_20260505_165231_20260505T085232Z.log
csi_room01_20260505_165231_20260505T085232Z.log

sent 111 bytes  received 3518 bytes  36290000 bytes/sec
total size is 3204  speedup is 0.88
[2026-05-05T08:53:08Z] Pulling raw data from pi5@192.168.2.6
Transfer starting: 5 files
./
audio/
audio/lav/
audio/lav/room01_20260505_165231_lavA.wav
audio/lav/room01_20260505_165231_lavB.wav

sent 123 bytes  received 3769271 bytes  37693940000 bytes/sec
total size is 3768088  speedup is 1.00
[2026-05-05T08:53:08Z] Pulling logs from pi5@192.168.2.6
Transfer starting: 2 files
./
audio_lav_room01_20260505_165231_20260505T085232Z.log

sent 89 bytes  received 1743 bytes  18320000 bytes/sec
total size is 1534  speedup is 0.84
[2026-05-05T08:53:09Z] Wrote manifest to /Users/labahua/Desktop/CUHK-Y/pilot/data/pulls/room01_20260505_165231/manifest.sha256
