[2026-05-05T07:01:26Z] Logging to /Users/labahua/Desktop/CUHK-Y/pilot/logs/pull_room01_20260505_145912_20260505T070126Z.log
[2026-05-05T07:01:30Z] Skipping raw data pull from pi@192.168.2.2: ~/pilot/data/raw does not exist
[2026-05-05T07:01:34Z] Pulling logs from pi@192.168.2.2
Transfer starting: 2 files
./
tx_room01_20260505_145912_20260505T065933Z.log

sent 89 bytes  received 257841 bytes  2579300000 bytes/sec
total size is 257593  speedup is 1.00
[2026-05-05T07:01:42Z] Pulling raw data from pi@192.168.2.3
Transfer starting: 6 files
./
audio/
audio/env/
audio/env/room01_20260505_145912.wav
csi/
csi/room01_20260505_145912.pcap

sent 129 bytes  received 20645104 bytes  206452330000 bytes/sec
total size is 20639724  speedup is 1.00
[2026-05-05T07:01:49Z] Pulling logs from pi@192.168.2.3
Transfer starting: 3 files
./
audio_env_room01_20260505_145912_20260505T065924Z.log
csi_room01_20260505_145912_20260505T065921Z.log

sent 111 bytes  received 3522 bytes  36330000 bytes/sec
total size is 3208  speedup is 0.88
[2026-05-05T07:01:57Z] Pulling raw data from pi5@192.168.2.6
Transfer starting: 5 files
./
audio/
audio/lav/
audio/lav/room01_20260505_145912_lavA.wav
audio/lav/room01_20260505_145912_lavB.wav

sent 123 bytes  received 18484855 bytes  184849780000 bytes/sec
total size is 18480088  speedup is 1.00
[2026-05-05T07:02:07Z] Pulling logs from pi5@192.168.2.6
Transfer starting: 2 files
./
audio_lav_room01_20260505_145912_20260505T065929Z.log

sent 89 bytes  received 1743 bytes  18320000 bytes/sec
total size is 1534  speedup is 0.84
[2026-05-05T07:02:12Z] Wrote manifest to /Users/labahua/Desktop/CUHK-Y/pilot/data/pulls/room01_20260505_145912/manifest.sha256
