[2026-05-05T07:56:42Z] Logging to /Users/labahua/Desktop/CUHK-Y/pilot/logs/pull_room01_20260505_155602_20260505T075642Z.log
[2026-05-05T07:56:42Z] Skipping raw data pull from pi@192.168.2.2: ~/pilot/data/raw does not exist
[2026-05-05T07:56:43Z] Pulling logs from pi@192.168.2.2
Transfer starting: 0 files

sent 61 bytes  received 92 bytes  1530000 bytes/sec
total size is 0  speedup is 0.00
[2026-05-05T07:56:43Z] Pulling raw data from pi@192.168.2.3
Transfer starting: 6 files
./
audio/
audio/env/
audio/env/room01_20260505_155602.wav
csi/
csi/room01_20260505_155602.pcap

sent 129 bytes  received 5051184 bytes  50513130000 bytes/sec
total size is 5049612  speedup is 1.00
[2026-05-05T07:56:44Z] Pulling logs from pi@192.168.2.3
Transfer starting: 3 files
./
audio_env_room01_20260505_155602_20260505T075603Z.log
csi_room01_20260505_155602_20260505T075603Z.log

sent 111 bytes  received 3516 bytes  36270000 bytes/sec
total size is 3206  speedup is 0.88
[2026-05-05T07:56:44Z] Pulling raw data from pi5@192.168.2.6
Transfer starting: 5 files
./
audio/
audio/lav/
audio/lav/room01_20260505_155602_lavA.wav
audio/lav/room01_20260505_155602_lavB.wav

sent 123 bytes  received 5017575 bytes  50176980000 bytes/sec
total size is 5016088  speedup is 1.00
[2026-05-05T07:56:45Z] Pulling logs from pi5@192.168.2.6
Transfer starting: 2 files
./
audio_lav_room01_20260505_155602_20260505T075603Z.log

sent 89 bytes  received 1743 bytes  18320000 bytes/sec
total size is 1534  speedup is 0.84
[2026-05-05T07:56:45Z] Wrote manifest to /Users/labahua/Desktop/CUHK-Y/pilot/data/pulls/room01_20260505_155602/manifest.sha256
