[2026-05-05T08:06:12Z] Logging to /Users/labahua/Desktop/CUHK-Y/pilot/logs/pull_room01_20260505_160541_20260505T080612Z.log
[2026-05-05T08:06:13Z] Skipping raw data pull from pi@192.168.2.2: ~/pilot/data/raw does not exist
[2026-05-05T08:06:13Z] Pulling logs from pi@192.168.2.2
Transfer starting: 0 files

sent 61 bytes  received 92 bytes  1530000 bytes/sec
total size is 0  speedup is 0.00
[2026-05-05T08:06:14Z] Pulling raw data from pi@192.168.2.3
Transfer starting: 6 files
./
audio/
audio/env/
audio/env/room01_20260505_160541.wav
csi/
csi/room01_20260505_160541.pcap

sent 129 bytes  received 2972888 bytes  29730170000 bytes/sec
total size is 2971820  speedup is 1.00
[2026-05-05T08:06:14Z] Pulling logs from pi@192.168.2.3
Transfer starting: 3 files
./
audio_env_room01_20260505_160541_20260505T080542Z.log
csi_room01_20260505_160541_20260505T080542Z.log

sent 111 bytes  received 3520 bytes  36310000 bytes/sec
total size is 3206  speedup is 0.88
[2026-05-05T08:06:15Z] Pulling raw data from pi5@192.168.2.6
Transfer starting: 5 files
./
audio/
audio/lav/
audio/lav/room01_20260505_160541_lavA.wav
audio/lav/room01_20260505_160541_lavB.wav

sent 123 bytes  received 2905063 bytes  29051860000 bytes/sec
total size is 2904088  speedup is 1.00
[2026-05-05T08:06:15Z] Pulling logs from pi5@192.168.2.6
Transfer starting: 2 files
./
audio_lav_room01_20260505_160541_20260505T080543Z.log

sent 89 bytes  received 1743 bytes  18320000 bytes/sec
total size is 1534  speedup is 0.84
[2026-05-05T08:06:15Z] Wrote manifest to /Users/labahua/Desktop/CUHK-Y/pilot/data/pulls/room01_20260505_160541/manifest.sha256
