[2026-05-05T01:04:02Z] Logging to /Users/labahua/Desktop/CUHK-Y/pilot/logs/pull_room01_20260505_090206_20260505T010402Z.log
[2026-05-05T01:04:07Z] Skipping raw data pull from pi@192.168.2.2: ~/pilot/data/raw does not exist
[2026-05-05T01:04:16Z] Pulling logs from pi@192.168.2.2
Transfer starting: 2 files
./
tx_room01_20260505_090206_20260505T010237Z.log

sent 89 bytes  received 30803 bytes  308920000 bytes/sec
total size is 30603  speedup is 0.99
[2026-05-05T01:04:28Z] Pulling raw data from pi@192.168.2.3
Transfer starting: 4 files
./
audio/
audio/env/
audio/env/room01_20260505_090206.wav

sent 101 bytes  received 1920731 bytes  19208320000 bytes/sec
total size is 1920044  speedup is 1.00
[2026-05-05T01:04:38Z] Pulling logs from pi@192.168.2.3
Transfer starting: 5 files
./
audio_env_room01_20260505_090206_20260505T010217Z.log
csi_room01_20260505_090206_20260505T010211Z.log
pids/
pids/room01_20260505_090206.csi.pid

sent 139 bytes  received 2606 bytes  27450000 bytes/sec
total size is 2191  speedup is 0.80
[2026-05-05T01:04:50Z] Pulling raw data from pi5@192.168.2.6
Transfer starting: 5 files
./
audio/
audio/lav/
audio/lav/room01_20260505_090206_lavA.wav
audio/lav/room01_20260505_090206_lavB.wav

sent 123 bytes  received 1920823 bytes  19209460000 bytes/sec
total size is 1920088  speedup is 1.00
[2026-05-05T01:05:02Z] Pulling logs from pi5@192.168.2.6
Transfer starting: 2 files
./
audio_lav_room01_20260505_090206_20260505T010224Z.log

sent 89 bytes  received 2358 bytes  24470000 bytes/sec
total size is 2145  speedup is 0.88
[2026-05-05T01:05:09Z] Wrote manifest to /Users/labahua/Desktop/CUHK-Y/pilot/data/pulls/room01_20260505_090206/manifest.sha256
