[2026-05-05T08:27:07Z] Logging to /Users/labahua/Desktop/CUHK-Y/pilot/logs/pull_room01_20260505_162640_20260505T082707Z.log
[2026-05-05T08:27:08Z] Skipping raw data pull from pi@192.168.2.2: ~/pilot/data/raw does not exist
[2026-05-05T08:27:08Z] Pulling logs from pi@192.168.2.2
Transfer starting: 0 files

sent 61 bytes  received 92 bytes  1530000 bytes/sec
total size is 0  speedup is 0.00
[2026-05-05T08:27:08Z] Pulling raw data from pi@192.168.2.3
Transfer starting: 6 files
./
audio/
audio/env/
audio/env/room01_20260505_162640.wav
csi/
csi/room01_20260505_162640.pcap

sent 129 bytes  received 2502332 bytes  25024610000 bytes/sec
total size is 2501380  speedup is 1.00
[2026-05-05T08:27:09Z] Pulling logs from pi@192.168.2.3
Transfer starting: 3 files
./
audio_env_room01_20260505_162640_20260505T082641Z.log
csi_room01_20260505_162640_20260505T082641Z.log

sent 111 bytes  received 3514 bytes  36250000 bytes/sec
total size is 3204  speedup is 0.88
[2026-05-05T08:27:10Z] Pulling raw data from pi5@192.168.2.6
Transfer starting: 5 files
./
audio/
audio/lav/
audio/lav/room01_20260505_162640_lavA.wav
audio/lav/room01_20260505_162640_lavB.wav

sent 123 bytes  received 2496967 bytes  24970900000 bytes/sec
total size is 2496088  speedup is 1.00
[2026-05-05T08:27:10Z] Pulling logs from pi5@192.168.2.6
Transfer starting: 2 files
./
audio_lav_room01_20260505_162640_20260505T082641Z.log

sent 89 bytes  received 1743 bytes  18320000 bytes/sec
total size is 1534  speedup is 0.84
[2026-05-05T08:27:10Z] Wrote manifest to /Users/labahua/Desktop/CUHK-Y/pilot/data/pulls/room01_20260505_162640/manifest.sha256
