[2026-05-05T08:37:55Z] Logging to /Users/labahua/Desktop/CUHK-Y/pilot/logs/pull_room01_20260505_163724_20260505T083755Z.log
[2026-05-05T08:37:55Z] Skipping raw data pull from pi@192.168.2.2: ~/pilot/data/raw does not exist
[2026-05-05T08:37:55Z] Pulling logs from pi@192.168.2.2
Transfer starting: 0 files

sent 61 bytes  received 92 bytes  1530000 bytes/sec
total size is 0  speedup is 0.00
[2026-05-05T08:37:56Z] Pulling raw data from pi@192.168.2.3
Transfer starting: 6 files
./
audio/
audio/env/
audio/env/room01_20260505_163724.wav
csi/
csi/room01_20260505_163724.pcap

sent 129 bytes  received 3567360 bytes  35674890000 bytes/sec
total size is 3566160  speedup is 1.00
[2026-05-05T08:37:57Z] Pulling logs from pi@192.168.2.3
Transfer starting: 3 files
./
audio_env_room01_20260505_163724_20260505T083724Z.log
csi_room01_20260505_163724_20260505T083724Z.log

sent 111 bytes  received 3520 bytes  36310000 bytes/sec
total size is 3206  speedup is 0.88
[2026-05-05T08:37:57Z] Pulling raw data from pi5@192.168.2.6
Transfer starting: 5 files
./
audio/
audio/lav/
audio/lav/room01_20260505_163724_lavA.wav
audio/lav/room01_20260505_163724_lavB.wav

sent 123 bytes  received 3493303 bytes  34934260000 bytes/sec
total size is 3492184  speedup is 1.00
[2026-05-05T08:37:58Z] Pulling logs from pi5@192.168.2.6
Transfer starting: 2 files
./
audio_lav_room01_20260505_163724_20260505T083725Z.log

sent 89 bytes  received 1739 bytes  18280000 bytes/sec
total size is 1534  speedup is 0.84
[2026-05-05T08:37:58Z] Wrote manifest to /Users/labahua/Desktop/CUHK-Y/pilot/data/pulls/room01_20260505_163724/manifest.sha256
