[2026-05-05T08:01:30Z] Logging to /Users/labahua/Desktop/CUHK-Y/pilot/logs/pull_room01_20260505_160059_20260505T080130Z.log
[2026-05-05T08:01:30Z] Skipping raw data pull from pi@192.168.2.2: ~/pilot/data/raw does not exist
[2026-05-05T08:01:31Z] Pulling logs from pi@192.168.2.2
Transfer starting: 0 files

sent 61 bytes  received 92 bytes  1530000 bytes/sec
total size is 0  speedup is 0.00
[2026-05-05T08:01:31Z] Pulling raw data from pi@192.168.2.3
Transfer starting: 6 files
./
audio/
audio/env/
audio/env/room01_20260505_160059.wav
csi/
csi/room01_20260505_160059.pcap

sent 129 bytes  received 3480840 bytes  34809690000 bytes/sec
total size is 3479652  speedup is 1.00
[2026-05-05T08:01:32Z] Pulling logs from pi@192.168.2.3
Transfer starting: 3 files
./
audio_env_room01_20260505_160059_20260505T080100Z.log
csi_room01_20260505_160059_20260505T080100Z.log

sent 111 bytes  received 3506 bytes  36170000 bytes/sec
total size is 3204  speedup is 0.89
[2026-05-05T08:01:32Z] Pulling raw data from pi5@192.168.2.6
Transfer starting: 5 files
./
audio/
audio/lav/
audio/lav/room01_20260505_160059_lavA.wav
audio/lav/room01_20260505_160059_lavB.wav

sent 123 bytes  received 3481207 bytes  34813300000 bytes/sec
total size is 3480088  speedup is 1.00
[2026-05-05T08:01:33Z] Pulling logs from pi5@192.168.2.6
Transfer starting: 2 files
./
audio_lav_room01_20260505_160059_20260505T080100Z.log

sent 89 bytes  received 1743 bytes  18320000 bytes/sec
total size is 1534  speedup is 0.84
[2026-05-05T08:01:33Z] Wrote manifest to /Users/labahua/Desktop/CUHK-Y/pilot/data/pulls/room01_20260505_160059/manifest.sha256
