[2026-05-05T08:23:44Z] Logging to /Users/labahua/Desktop/CUHK-Y/pilot/logs/pull_room01_20260505_162312_20260505T082344Z.log
[2026-05-05T08:23:44Z] Skipping raw data pull from pi@192.168.2.2: ~/pilot/data/raw does not exist
[2026-05-05T08:23:44Z] Pulling logs from pi@192.168.2.2
Transfer starting: 0 files

sent 61 bytes  received 92 bytes  1530000 bytes/sec
total size is 0  speedup is 0.00
[2026-05-05T08:23:45Z] Pulling raw data from pi@192.168.2.3
Transfer starting: 6 files
./
audio/
audio/env/
audio/env/room01_20260505_162312.wav
csi/
csi/room01_20260505_162312.pcap

sent 129 bytes  received 3570788 bytes  35709170000 bytes/sec
total size is 3569580  speedup is 1.00
[2026-05-05T08:23:46Z] Pulling logs from pi@192.168.2.3
Transfer starting: 3 files
./
audio_env_room01_20260505_162312_20260505T082312Z.log
csi_room01_20260505_162312_20260505T082312Z.log

sent 111 bytes  received 3520 bytes  36310000 bytes/sec
total size is 3206  speedup is 0.88
[2026-05-05T08:23:46Z] Pulling raw data from pi5@192.168.2.6
Transfer starting: 5 files
./
audio/
audio/lav/
audio/lav/room01_20260505_162312_lavA.wav
audio/lav/room01_20260505_162312_lavB.wav

sent 123 bytes  received 3529207 bytes  35293300000 bytes/sec
total size is 3528088  speedup is 1.00
[2026-05-05T08:23:47Z] Pulling logs from pi5@192.168.2.6
Transfer starting: 2 files
./
audio_lav_room01_20260505_162312_20260505T082313Z.log

sent 89 bytes  received 1743 bytes  18320000 bytes/sec
total size is 1534  speedup is 0.84
[2026-05-05T08:23:47Z] Wrote manifest to /Users/labahua/Desktop/CUHK-Y/pilot/data/pulls/room01_20260505_162312/manifest.sha256
