[2026-05-05T08:55:45Z] Logging to /Users/labahua/Desktop/CUHK-Y/pilot/logs/pull_room01_20260505_165512_20260505T085545Z.log
[2026-05-05T08:55:46Z] Skipping raw data pull from pi@192.168.2.2: ~/pilot/data/raw does not exist
[2026-05-05T08:55:46Z] Pulling logs from pi@192.168.2.2
Transfer starting: 0 files

sent 61 bytes  received 92 bytes  1530000 bytes/sec
total size is 0  speedup is 0.00
[2026-05-05T08:55:46Z] Pulling raw data from pi@192.168.2.3
Transfer starting: 6 files
./
audio/
audio/env/
audio/env/room01_20260505_165512.wav
csi/
csi/room01_20260505_165512.pcap

sent 129 bytes  received 3995676 bytes  39958050000 bytes/sec
total size is 3994368  speedup is 1.00
[2026-05-05T08:55:47Z] Pulling logs from pi@192.168.2.3
Transfer starting: 3 files
./
audio_env_room01_20260505_165512_20260505T085513Z.log
csi_room01_20260505_165512_20260505T085512Z.log

sent 111 bytes  received 3514 bytes  36250000 bytes/sec
total size is 3204  speedup is 0.88
[2026-05-05T08:55:48Z] Pulling raw data from pi5@192.168.2.6
Transfer starting: 5 files
./
audio/
audio/lav/
audio/lav/room01_20260505_165512_lavA.wav
audio/lav/room01_20260505_165512_lavB.wav

sent 123 bytes  received 4009335 bytes  40094580000 bytes/sec
total size is 4008088  speedup is 1.00
[2026-05-05T08:55:48Z] Pulling logs from pi5@192.168.2.6
Transfer starting: 2 files
./
audio_lav_room01_20260505_165512_20260505T085513Z.log

sent 89 bytes  received 1739 bytes  18280000 bytes/sec
total size is 1534  speedup is 0.84
[2026-05-05T08:55:49Z] Wrote manifest to /Users/labahua/Desktop/CUHK-Y/pilot/data/pulls/room01_20260505_165512/manifest.sha256
