[2026-05-05T08:30:37Z] Logging to /Users/labahua/Desktop/CUHK-Y/pilot/logs/pull_room01_20260505_163003_20260505T083037Z.log
[2026-05-05T08:30:37Z] Skipping raw data pull from pi@192.168.2.2: ~/pilot/data/raw does not exist
[2026-05-05T08:30:37Z] Pulling logs from pi@192.168.2.2
Transfer starting: 0 files

sent 61 bytes  received 92 bytes  1530000 bytes/sec
total size is 0  speedup is 0.00
[2026-05-05T08:30:38Z] Pulling raw data from pi@192.168.2.3
Transfer starting: 6 files
./
audio/
audio/env/
audio/env/room01_20260505_163003.wav
csi/
csi/room01_20260505_163003.pcap

sent 129 bytes  received 3973956 bytes  39740850000 bytes/sec
total size is 3972652  speedup is 1.00
[2026-05-05T08:30:39Z] Pulling logs from pi@192.168.2.3
Transfer starting: 3 files
./
audio_env_room01_20260505_163003_20260505T083003Z.log
csi_room01_20260505_163003_20260505T083003Z.log

sent 111 bytes  received 3512 bytes  36230000 bytes/sec
total size is 3206  speedup is 0.88
[2026-05-05T08:30:39Z] Pulling raw data from pi5@192.168.2.6
Transfer starting: 5 files
./
audio/
audio/lav/
audio/lav/room01_20260505_163003_lavA.wav
audio/lav/room01_20260505_163003_lavB.wav

sent 123 bytes  received 3865287 bytes  38654100000 bytes/sec
total size is 3864088  speedup is 1.00
[2026-05-05T08:30:40Z] Pulling logs from pi5@192.168.2.6
Transfer starting: 2 files
./
audio_lav_room01_20260505_163003_20260505T083004Z.log

sent 89 bytes  received 1739 bytes  18280000 bytes/sec
total size is 1534  speedup is 0.84
[2026-05-05T08:30:40Z] Wrote manifest to /Users/labahua/Desktop/CUHK-Y/pilot/data/pulls/room01_20260505_163003/manifest.sha256
