[2026-05-05T06:17:47Z] Logging to /Users/labahua/Desktop/CUHK-Y/pilot/logs/pull_room01_20260505_141443_20260505T061747Z.log
[2026-05-05T06:17:52Z] Skipping raw data pull from pi@192.168.2.2: ~/pilot/data/raw does not exist
[2026-05-05T06:17:58Z] Pulling logs from pi@192.168.2.2
Transfer starting: 2 files
./
tx_room01_20260505_141443_20260505T061457Z.log

sent 89 bytes  received 290770 bytes  2908590000 bytes/sec
total size is 290514  speedup is 1.00
[2026-05-05T06:18:04Z] Pulling raw data from pi@192.168.2.3
Transfer starting: 6 files
./
audio/
audio/env/
audio/env/room01_20260505_141443.wav
csi/
csi/room01_20260505_141443.pcap

sent 129 bytes  received 22535132 bytes  225352610000 bytes/sec
total size is 22529288  speedup is 1.00
[2026-05-05T06:18:12Z] Pulling logs from pi@192.168.2.3
Transfer starting: 3 files
./
audio_env_room01_20260505_141443_20260505T061450Z.log
csi_room01_20260505_141443_20260505T061447Z.log

sent 111 bytes  received 3845 bytes  39560000 bytes/sec
total size is 3519  speedup is 0.89
[2026-05-05T06:18:21Z] Pulling raw data from pi5@192.168.2.6
Transfer starting: 5 files
./
audio/
audio/lav/
audio/lav/room01_20260505_141443_lavA.wav
audio/lav/room01_20260505_141443_lavB.wav

sent 123 bytes  received 20165271 bytes  201653940000 bytes/sec
total size is 20160088  speedup is 1.00
[2026-05-05T06:18:30Z] Pulling logs from pi5@192.168.2.6
Transfer starting: 2 files
./
audio_lav_room01_20260505_141443_20260505T061454Z.log

sent 89 bytes  received 2366 bytes  24550000 bytes/sec
total size is 2153  speedup is 0.88
[2026-05-05T06:18:35Z] Wrote manifest to /Users/labahua/Desktop/CUHK-Y/pilot/data/pulls/room01_20260505_141443/manifest.sha256
