[2026-05-05T08:46:59Z] Logging to /Users/labahua/Desktop/CUHK-Y/pilot/logs/pull_room01_20260505_164615_20260505T084659Z.log
[2026-05-05T08:46:59Z] Skipping raw data pull from pi@192.168.2.2: ~/pilot/data/raw does not exist
[2026-05-05T08:47:00Z] Pulling logs from pi@192.168.2.2
Transfer starting: 0 files

sent 61 bytes  received 92 bytes  1530000 bytes/sec
total size is 0  speedup is 0.00
[2026-05-05T08:47:00Z] Pulling raw data from pi@192.168.2.3
Transfer starting: 6 files
./
audio/
audio/env/
audio/env/room01_20260505_164615.wav
csi/
csi/room01_20260505_164615.pcap

sent 129 bytes  received 5299884 bytes  53000130000 bytes/sec
total size is 5298256  speedup is 1.00
[2026-05-05T08:47:01Z] Pulling logs from pi@192.168.2.3
Transfer starting: 3 files
./
audio_env_room01_20260505_164615_20260505T084616Z.log
csi_room01_20260505_164615_20260505T084616Z.log

sent 111 bytes  received 3516 bytes  36270000 bytes/sec
total size is 3206  speedup is 0.88
[2026-05-05T08:47:01Z] Pulling raw data from pi5@192.168.2.6
Transfer starting: 5 files
./
audio/
audio/lav/
audio/lav/room01_20260505_164615_lavA.wav
audio/lav/room01_20260505_164615_lavB.wav

sent 123 bytes  received 5257639 bytes  52577620000 bytes/sec
total size is 5256088  speedup is 1.00
[2026-05-05T08:47:02Z] Pulling logs from pi5@192.168.2.6
Transfer starting: 2 files
./
audio_lav_room01_20260505_164615_20260505T084616Z.log

sent 89 bytes  received 1743 bytes  18320000 bytes/sec
total size is 1534  speedup is 0.84
[2026-05-05T08:47:02Z] Wrote manifest to /Users/labahua/Desktop/CUHK-Y/pilot/data/pulls/room01_20260505_164615/manifest.sha256
